\BOOKMARK [1][-]{Doc-Start}{Acknowledgements}{}% 1
\BOOKMARK [1][-]{Doc-Start}{Glossary}{}% 2
